// Vitest Snapshot v1

exports[`Test  on <GifGrid/> > It should show the component correctly 1`] = `
<Fragment>
  <h3
    className="animate__animated animate__fadeIn"
  >
    The best app
  </h3>
  <p
    className="animate__animated animate__flash"
  >
    Loading
  </p>
  <div
    className="card-grid"
  />
</Fragment>
`;
